// Vitest Snapshot v1, https://vitest.dev/guide/snapshot.html

exports[`bit-form add > generates input wrapper in current dir with default ui-path 1`] = `
""use client";

import { Input } from "@/components/ui/input";
import { useBitField } from "@lehnihon/bit-form/react";

export interface BitFormInputProps {
  path: string;
  label?: string;
  description?: string;
  placeholder?: string;
  type?: string;
  className?: string;
  id?: string;
}

export function BitFormInput({
  path,
  label,
  description,
  placeholder,
  type = "text",
  className,
  id,
}: BitFormInputProps) {
  const field = useBitField(path);
  const { meta } = field;

  if (meta.isHidden) return null;

  const inputId = id ?? path;

  return (
    <div className="space-y-2" data-invalid={meta.invalid || undefined}>
      {label && (
        <label
          htmlFor={inputId}
          className="text-sm font-medium leading-none peer-disabled:cursor-not-allowed peer-disabled:opacity-70"
        >
          {label}
          {meta.isRequired && <span className="text-destructive ml-1">*</span>}
        </label>
      )}
      <Input
        id={inputId}
        type={type}
        value={field.props.value}
        onChange={field.props.onChange}
        onBlur={field.props.onBlur}
        placeholder={placeholder}
        className={className}
        aria-invalid={meta.invalid || undefined}
        aria-required={meta.isRequired || undefined}
      />
      {description && (
        <p className="text-sm text-muted-foreground">{description}</p>
      )}
      {meta.error && (
        <p className="text-sm text-destructive">{meta.error}</p>
      )}
    </div>
  );
}
"
`;
